mode: set
github.com/aseptimu/internal/config/config.go:18.30,20.16 2 0
github.com/aseptimu/internal/config/config.go:20.16,22.3 1 0
github.com/aseptimu/internal/config/config.go:23.2,32.42 7 0
github.com/aseptimu/internal/config/config.go:32.42,34.3 1 0
github.com/aseptimu/internal/config/config.go:36.2,36.28 1 0
github.com/aseptimu/internal/config/config.go:36.28,38.3 1 0
github.com/aseptimu/internal/config/config.go:40.2,40.15 1 0
github.com/aseptimu/cmd/gophermart/main.go:8.13,9.39 1 0
github.com/aseptimu/cmd/gophermart/main.go:9.39,11.3 1 0
github.com/aseptimu/internal/migrations/migrations.go:11.40,13.16 2 0
github.com/aseptimu/internal/migrations/migrations.go:13.16,15.3 1 0
github.com/aseptimu/internal/migrations/migrations.go:16.2,18.61 2 0
github.com/aseptimu/internal/migrations/migrations.go:18.61,20.3 1 0
github.com/aseptimu/internal/migrations/migrations.go:22.2,22.67 1 0
github.com/aseptimu/internal/server/server.go:22.20,37.16 9 0
github.com/aseptimu/internal/server/server.go:37.16,39.3 1 0
github.com/aseptimu/internal/server/server.go:40.2,57.42 13 0
github.com/aseptimu/internal/server/server.go:57.42,61.30 3 0
github.com/aseptimu/internal/server/server.go:61.30,64.42 2 0
github.com/aseptimu/internal/server/server.go:64.42,67.5 2 0
github.com/aseptimu/internal/server/server.go:69.4,69.43 1 0
github.com/aseptimu/internal/server/server.go:69.43,72.5 2 0
github.com/aseptimu/internal/server/server.go:74.4,74.60 1 0
github.com/aseptimu/internal/server/server.go:78.2,83.12 2 0
github.com/aseptimu/internal/server/server.go:83.12,86.68 3 0
github.com/aseptimu/internal/server/server.go:86.68,88.4 1 0
github.com/aseptimu/internal/server/server.go:91.2,95.46 5 0
github.com/aseptimu/internal/server/server.go:95.46,97.3 1 0
github.com/aseptimu/internal/server/server.go:98.2,100.12 2 0
github.com/aseptimu/internal/repository/balance_repository.go:13.58,15.2 1 1
github.com/aseptimu/internal/repository/balance_repository.go:20.93,26.2 3 1
github.com/aseptimu/internal/repository/balance_repository.go:28.97,34.2 3 1
github.com/aseptimu/internal/repository/balance_repository.go:41.118,44.2 2 1
github.com/aseptimu/internal/repository/balance_repository.go:53.116,55.16 2 1
github.com/aseptimu/internal/repository/balance_repository.go:55.16,57.3 1 1
github.com/aseptimu/internal/repository/balance_repository.go:58.2,61.18 3 1
github.com/aseptimu/internal/repository/balance_repository.go:61.18,63.69 2 1
github.com/aseptimu/internal/repository/balance_repository.go:63.69,65.4 1 1
github.com/aseptimu/internal/repository/balance_repository.go:66.3,66.23 1 1
github.com/aseptimu/internal/repository/balance_repository.go:68.2,68.35 1 1
github.com/aseptimu/internal/repository/balance_repository.go:68.35,70.3 1 0
github.com/aseptimu/internal/repository/balance_repository.go:71.2,71.17 1 1
github.com/aseptimu/internal/repository/order_repository.go:16.54,18.2 1 1
github.com/aseptimu/internal/repository/order_repository.go:26.103,30.16 4 1
github.com/aseptimu/internal/repository/order_repository.go:30.16,32.3 1 1
github.com/aseptimu/internal/repository/order_repository.go:33.2,33.20 1 1
github.com/aseptimu/internal/repository/order_repository.go:42.87,46.2 3 1
github.com/aseptimu/internal/repository/order_repository.go:55.106,58.2 2 1
github.com/aseptimu/internal/repository/order_repository.go:67.103,69.16 2 1
github.com/aseptimu/internal/repository/order_repository.go:69.16,71.3 1 1
github.com/aseptimu/internal/repository/order_repository.go:72.2,75.18 3 1
github.com/aseptimu/internal/repository/order_repository.go:75.18,77.126 2 1
github.com/aseptimu/internal/repository/order_repository.go:77.126,79.4 1 1
github.com/aseptimu/internal/repository/order_repository.go:80.3,80.34 1 1
github.com/aseptimu/internal/repository/order_repository.go:82.2,82.35 1 1
github.com/aseptimu/internal/repository/order_repository.go:82.35,84.3 1 0
github.com/aseptimu/internal/repository/order_repository.go:85.2,85.20 1 1
github.com/aseptimu/internal/repository/order_repository.go:95.110,98.29 3 1
github.com/aseptimu/internal/repository/order_repository.go:98.29,101.3 2 1
github.com/aseptimu/internal/repository/order_repository.go:102.2,104.16 3 1
github.com/aseptimu/internal/repository/order_repository.go:104.16,106.3 1 1
github.com/aseptimu/internal/repository/order_repository.go:107.2,110.18 3 1
github.com/aseptimu/internal/repository/order_repository.go:110.18,112.95 2 1
github.com/aseptimu/internal/repository/order_repository.go:112.95,114.4 1 1
github.com/aseptimu/internal/repository/order_repository.go:115.3,115.24 1 1
github.com/aseptimu/internal/repository/order_repository.go:117.2,117.24 1 1
github.com/aseptimu/internal/repository/user_repository.go:15.52,17.2 1 1
github.com/aseptimu/internal/repository/user_repository.go:21.83,23.2 1 1
github.com/aseptimu/internal/repository/user_repository.go:29.98,33.72 3 1
github.com/aseptimu/internal/repository/user_repository.go:33.72,34.36 1 1
github.com/aseptimu/internal/repository/user_repository.go:34.36,36.4 1 1
github.com/aseptimu/internal/repository/user_repository.go:37.3,37.18 1 1
github.com/aseptimu/internal/repository/user_repository.go:40.2,40.19 1 1
github.com/aseptimu/internal/handlers/balance_handler.go:24.69,26.2 1 1
github.com/aseptimu/internal/handlers/balance_handler.go:28.81,32.22 3 1
github.com/aseptimu/internal/handlers/balance_handler.go:32.22,35.3 2 1
github.com/aseptimu/internal/handlers/balance_handler.go:36.2,37.9 2 1
github.com/aseptimu/internal/handlers/balance_handler.go:37.9,40.3 2 1
github.com/aseptimu/internal/handlers/balance_handler.go:42.2,43.16 2 1
github.com/aseptimu/internal/handlers/balance_handler.go:43.16,47.3 3 1
github.com/aseptimu/internal/handlers/balance_handler.go:49.2,49.59 1 1
github.com/aseptimu/internal/handlers/balance_handler.go:49.59,51.3 1 0
github.com/aseptimu/internal/handlers/balance_handler.go:59.82,63.22 3 1
github.com/aseptimu/internal/handlers/balance_handler.go:63.22,66.3 2 1
github.com/aseptimu/internal/handlers/balance_handler.go:67.2,68.9 2 1
github.com/aseptimu/internal/handlers/balance_handler.go:68.9,71.3 2 1
github.com/aseptimu/internal/handlers/balance_handler.go:73.2,74.61 2 1
github.com/aseptimu/internal/handlers/balance_handler.go:74.61,78.3 3 1
github.com/aseptimu/internal/handlers/balance_handler.go:80.2,81.16 2 1
github.com/aseptimu/internal/handlers/balance_handler.go:81.16,82.10 1 1
github.com/aseptimu/internal/handlers/balance_handler.go:83.55,84.62 1 1
github.com/aseptimu/internal/handlers/balance_handler.go:85.54,86.58 1 1
github.com/aseptimu/internal/handlers/balance_handler.go:87.11,89.101 2 1
github.com/aseptimu/internal/handlers/balance_handler.go:91.3,91.9 1 1
github.com/aseptimu/internal/handlers/balance_handler.go:94.2,94.30 1 1
github.com/aseptimu/internal/handlers/balance_handler.go:97.85,101.16 3 1
github.com/aseptimu/internal/handlers/balance_handler.go:101.16,104.3 2 1
github.com/aseptimu/internal/handlers/balance_handler.go:105.2,106.9 2 1
github.com/aseptimu/internal/handlers/balance_handler.go:106.9,109.3 2 1
github.com/aseptimu/internal/handlers/balance_handler.go:111.2,112.16 2 1
github.com/aseptimu/internal/handlers/balance_handler.go:112.16,116.3 3 1
github.com/aseptimu/internal/handlers/balance_handler.go:118.2,118.20 1 1
github.com/aseptimu/internal/handlers/balance_handler.go:118.20,121.3 2 1
github.com/aseptimu/internal/handlers/balance_handler.go:123.2,123.56 1 1
github.com/aseptimu/internal/handlers/balance_handler.go:123.56,125.3 1 0
github.com/aseptimu/internal/handlers/order_handler.go:25.63,27.2 1 1
github.com/aseptimu/internal/handlers/order_handler.go:29.76,33.22 3 1
github.com/aseptimu/internal/handlers/order_handler.go:33.22,36.3 2 1
github.com/aseptimu/internal/handlers/order_handler.go:37.2,38.9 2 1
github.com/aseptimu/internal/handlers/order_handler.go:38.9,41.3 2 1
github.com/aseptimu/internal/handlers/order_handler.go:43.2,44.16 2 1
github.com/aseptimu/internal/handlers/order_handler.go:44.16,48.3 3 0
github.com/aseptimu/internal/handlers/order_handler.go:49.2,50.23 2 1
github.com/aseptimu/internal/handlers/order_handler.go:50.23,53.3 2 1
github.com/aseptimu/internal/handlers/order_handler.go:54.2,54.66 1 1
github.com/aseptimu/internal/handlers/order_handler.go:54.66,57.3 2 1
github.com/aseptimu/internal/handlers/order_handler.go:59.2,61.14 2 1
github.com/aseptimu/internal/handlers/order_handler.go:62.21,64.56 2 1
github.com/aseptimu/internal/handlers/order_handler.go:65.27,67.91 2 1
github.com/aseptimu/internal/handlers/order_handler.go:68.27,69.128 1 1
github.com/aseptimu/internal/handlers/order_handler.go:70.38,71.107 1 1
github.com/aseptimu/internal/handlers/order_handler.go:72.10,73.100 1 1
github.com/aseptimu/internal/handlers/order_handler.go:77.78,81.22 3 1
github.com/aseptimu/internal/handlers/order_handler.go:81.22,84.3 2 1
github.com/aseptimu/internal/handlers/order_handler.go:85.2,86.9 2 1
github.com/aseptimu/internal/handlers/order_handler.go:86.9,89.3 2 1
github.com/aseptimu/internal/handlers/order_handler.go:91.2,92.16 2 1
github.com/aseptimu/internal/handlers/order_handler.go:92.16,96.3 3 1
github.com/aseptimu/internal/handlers/order_handler.go:98.2,98.22 1 1
github.com/aseptimu/internal/handlers/order_handler.go:98.22,101.3 2 1
github.com/aseptimu/internal/handlers/order_handler.go:103.2,103.58 1 1
github.com/aseptimu/internal/handlers/order_handler.go:103.58,105.3 1 0
github.com/aseptimu/internal/handlers/user_handler.go:22.59,26.2 1 1
github.com/aseptimu/internal/handlers/user_handler.go:33.76,37.61 3 1
github.com/aseptimu/internal/handlers/user_handler.go:37.61,41.3 3 1
github.com/aseptimu/internal/handlers/user_handler.go:43.2,44.16 2 1
github.com/aseptimu/internal/handlers/user_handler.go:44.16,45.54 1 1
github.com/aseptimu/internal/handlers/user_handler.go:45.54,47.4 1 1
github.com/aseptimu/internal/handlers/user_handler.go:47.9,49.4 1 1
github.com/aseptimu/internal/handlers/user_handler.go:50.3,50.9 1 1
github.com/aseptimu/internal/handlers/user_handler.go:53.2,53.50 1 1
github.com/aseptimu/internal/handlers/user_handler.go:56.73,60.61 3 1
github.com/aseptimu/internal/handlers/user_handler.go:60.61,64.3 3 1
github.com/aseptimu/internal/handlers/user_handler.go:66.2,67.16 2 1
github.com/aseptimu/internal/handlers/user_handler.go:67.16,70.3 2 1
github.com/aseptimu/internal/handlers/user_handler.go:72.2,72.50 1 1
github.com/aseptimu/internal/middlewares/auth_middleware.go:15.79,16.46 1 1
github.com/aseptimu/internal/middlewares/auth_middleware.go:16.46,17.72 1 1
github.com/aseptimu/internal/middlewares/auth_middleware.go:17.72,19.24 2 1
github.com/aseptimu/internal/middlewares/auth_middleware.go:19.24,22.5 2 1
github.com/aseptimu/internal/middlewares/auth_middleware.go:24.4,25.64 2 1
github.com/aseptimu/internal/middlewares/auth_middleware.go:25.64,28.5 2 1
github.com/aseptimu/internal/middlewares/auth_middleware.go:29.4,31.85 2 1
github.com/aseptimu/internal/middlewares/auth_middleware.go:31.85,33.5 1 1
github.com/aseptimu/internal/middlewares/auth_middleware.go:34.4,34.34 1 1
github.com/aseptimu/internal/middlewares/auth_middleware.go:34.34,37.5 2 1
github.com/aseptimu/internal/middlewares/auth_middleware.go:39.4,40.11 2 1
github.com/aseptimu/internal/middlewares/auth_middleware.go:40.11,43.5 2 0
github.com/aseptimu/internal/middlewares/auth_middleware.go:45.4,46.11 2 1
github.com/aseptimu/internal/middlewares/auth_middleware.go:46.11,49.5 2 1
github.com/aseptimu/internal/middlewares/auth_middleware.go:50.4,53.41 3 1
github.com/aseptimu/internal/utils/generate_secret_key.go:11.39,14.16 3 1
github.com/aseptimu/internal/utils/generate_secret_key.go:14.16,16.3 1 0
github.com/aseptimu/internal/utils/generate_secret_key.go:17.2,17.45 1 1
github.com/aseptimu/internal/utils/log_with_error.go:8.63,9.16 1 0
github.com/aseptimu/internal/utils/log_with_error.go:9.16,11.3 1 0
github.com/aseptimu/internal/utils/log_with_error.go:11.8,13.3 1 0
github.com/aseptimu/internal/utils/log_with_error.go:16.62,18.2 1 0
github.com/aseptimu/internal/services/accrual_worker.go:24.122,26.2 1 0
github.com/aseptimu/internal/services/accrual_worker.go:28.52,34.33 5 0
github.com/aseptimu/internal/services/accrual_worker.go:34.33,35.19 1 0
github.com/aseptimu/internal/services/accrual_worker.go:35.19,37.29 2 0
github.com/aseptimu/internal/services/accrual_worker.go:37.29,40.5 2 0
github.com/aseptimu/internal/services/accrual_worker.go:44.2,44.12 1 0
github.com/aseptimu/internal/services/accrual_worker.go:44.12,45.28 1 0
github.com/aseptimu/internal/services/accrual_worker.go:45.28,46.22 1 0
github.com/aseptimu/internal/services/accrual_worker.go:46.22,48.5 1 0
github.com/aseptimu/internal/services/accrual_worker.go:52.2,55.6 3 0
github.com/aseptimu/internal/services/accrual_worker.go:55.6,56.10 1 0
github.com/aseptimu/internal/services/accrual_worker.go:57.21,61.10 4 0
github.com/aseptimu/internal/services/accrual_worker.go:62.19,64.18 2 0
github.com/aseptimu/internal/services/accrual_worker.go:64.18,66.13 2 0
github.com/aseptimu/internal/services/accrual_worker.go:68.4,68.29 1 0
github.com/aseptimu/internal/services/accrual_worker.go:68.29,69.12 1 0
github.com/aseptimu/internal/services/accrual_worker.go:70.27,70.27 0 0
github.com/aseptimu/internal/services/accrual_worker.go:71.23,75.12 4 0
github.com/aseptimu/internal/services/balance_service.go:27.64,29.2 1 1
github.com/aseptimu/internal/services/balance_service.go:31.99,33.16 2 1
github.com/aseptimu/internal/services/balance_service.go:33.16,35.3 1 0
github.com/aseptimu/internal/services/balance_service.go:37.2,38.16 2 1
github.com/aseptimu/internal/services/balance_service.go:38.16,40.3 1 0
github.com/aseptimu/internal/services/balance_service.go:42.2,49.8 4 1
github.com/aseptimu/internal/services/balance_service.go:52.107,53.66 1 1
github.com/aseptimu/internal/services/balance_service.go:53.66,55.3 1 1
github.com/aseptimu/internal/services/balance_service.go:57.2,58.16 2 1
github.com/aseptimu/internal/services/balance_service.go:58.16,60.3 1 0
github.com/aseptimu/internal/services/balance_service.go:62.2,63.16 2 1
github.com/aseptimu/internal/services/balance_service.go:63.16,65.3 1 0
github.com/aseptimu/internal/services/balance_service.go:67.2,70.19 3 1
github.com/aseptimu/internal/services/balance_service.go:70.19,72.3 1 1
github.com/aseptimu/internal/services/balance_service.go:74.2,74.63 1 1
github.com/aseptimu/internal/services/balance_service.go:77.105,79.2 1 1
github.com/aseptimu/internal/services/order_service.go:36.83,38.2 1 1
github.com/aseptimu/internal/services/order_service.go:40.96,42.2 1 1
github.com/aseptimu/internal/services/order_service.go:44.102,46.28 2 1
github.com/aseptimu/internal/services/order_service.go:46.28,49.3 2 1
github.com/aseptimu/internal/services/order_service.go:51.2,51.32 1 1
github.com/aseptimu/internal/services/order_service.go:51.32,54.3 2 1
github.com/aseptimu/internal/services/order_service.go:56.2,57.50 2 1
github.com/aseptimu/internal/services/order_service.go:57.50,60.3 2 0
github.com/aseptimu/internal/services/order_service.go:61.2,61.26 1 1
github.com/aseptimu/internal/services/order_service.go:61.26,62.37 1 1
github.com/aseptimu/internal/services/order_service.go:62.37,64.4 1 1
github.com/aseptimu/internal/services/order_service.go:64.9,66.4 1 1
github.com/aseptimu/internal/services/order_service.go:69.2,75.58 2 1
github.com/aseptimu/internal/services/order_service.go:75.58,78.3 2 0
github.com/aseptimu/internal/services/order_service.go:80.2,80.33 1 1
github.com/aseptimu/internal/services/order_service.go:83.39,86.40 3 1
github.com/aseptimu/internal/services/order_service.go:86.40,88.10 2 1
github.com/aseptimu/internal/services/order_service.go:88.10,90.17 2 1
github.com/aseptimu/internal/services/order_service.go:90.17,92.5 1 1
github.com/aseptimu/internal/services/order_service.go:94.3,95.13 2 1
github.com/aseptimu/internal/services/order_service.go:97.2,97.20 1 1
github.com/aseptimu/internal/services/order_service.go:108.87,111.16 3 0
github.com/aseptimu/internal/services/order_service.go:111.16,114.3 2 0
github.com/aseptimu/internal/services/order_service.go:115.2,117.25 2 0
github.com/aseptimu/internal/services/order_service.go:118.21,120.65 2 0
github.com/aseptimu/internal/services/order_service.go:120.65,123.4 2 0
github.com/aseptimu/internal/services/order_service.go:125.3,126.21 2 0
github.com/aseptimu/internal/services/order_service.go:127.35,128.33 1 0
github.com/aseptimu/internal/services/order_service.go:129.18,130.30 1 0
github.com/aseptimu/internal/services/order_service.go:131.20,132.32 1 0
github.com/aseptimu/internal/services/order_service.go:135.3,135.86 1 0
github.com/aseptimu/internal/services/order_service.go:135.86,138.4 2 0
github.com/aseptimu/internal/services/order_service.go:140.34,142.28 2 0
github.com/aseptimu/internal/services/order_service.go:144.2,144.12 1 0
github.com/aseptimu/internal/services/user_service.go:30.80,35.2 1 1
github.com/aseptimu/internal/services/user_service.go:37.93,38.35 1 1
github.com/aseptimu/internal/services/user_service.go:38.35,40.3 1 1
github.com/aseptimu/internal/services/user_service.go:42.2,43.16 2 1
github.com/aseptimu/internal/services/user_service.go:43.16,44.49 1 1
github.com/aseptimu/internal/services/user_service.go:44.49,46.4 1 1
github.com/aseptimu/internal/services/user_service.go:46.9,49.4 2 1
github.com/aseptimu/internal/services/user_service.go:51.2,51.25 1 1
github.com/aseptimu/internal/services/user_service.go:51.25,54.3 2 1
github.com/aseptimu/internal/services/user_service.go:56.2,57.16 2 1
github.com/aseptimu/internal/services/user_service.go:57.16,60.3 2 0
github.com/aseptimu/internal/services/user_service.go:62.2,67.53 2 1
github.com/aseptimu/internal/services/user_service.go:67.53,70.3 2 1
github.com/aseptimu/internal/services/user_service.go:72.2,73.16 2 1
github.com/aseptimu/internal/services/user_service.go:73.16,76.3 2 0
github.com/aseptimu/internal/services/user_service.go:78.2,78.19 1 1
github.com/aseptimu/internal/services/user_service.go:81.90,82.35 1 1
github.com/aseptimu/internal/services/user_service.go:82.35,84.3 1 1
github.com/aseptimu/internal/services/user_service.go:86.2,87.16 2 1
github.com/aseptimu/internal/services/user_service.go:87.16,90.3 2 1
github.com/aseptimu/internal/services/user_service.go:91.2,91.17 1 1
github.com/aseptimu/internal/services/user_service.go:91.17,93.3 1 1
github.com/aseptimu/internal/services/user_service.go:95.2,95.95 1 1
github.com/aseptimu/internal/services/user_service.go:95.95,98.3 2 1
github.com/aseptimu/internal/services/user_service.go:100.2,101.16 2 1
github.com/aseptimu/internal/services/user_service.go:101.16,104.3 2 0
github.com/aseptimu/internal/services/user_service.go:106.2,106.19 1 1
github.com/aseptimu/internal/services/user_service.go:109.66,117.2 3 1
